// Jest Snapshot v1, https://goo.gl/fbAQLP

exports[`theDate component renders in the UI as expected 1`] = `
<div>
  5/30/2019, 6:37:36 PM
</div>
`;
